[    0.000000] Linux version 4.15.0-124-generic (buildd@lgw01-amd64-029) (gcc version 7.5.0 (Ubuntu 7.5.0-3ubuntu1~18.04)) #127-Ubuntu SMP Fri Nov 6 10:54:43 UTC 2020 (Ubuntu 4.15.0-124.127-generic 4.15.18)
[    0.000000] Command line: BOOT_IMAGE=/boot/vmlinuz-4.15.0-124-generic root=LABEL=cloudimg-rootfs ro console=tty1 console=ttyS0
[    0.000000] KERNEL supported cpus:
[    0.000000]   Intel GenuineIntel
[    0.000000]   AMD AuthenticAMD
[    0.000000]   Centaur CentaurHauls
[    0.000000] x86/fpu: Supporting XSAVE feature 0x001: 'x87 floating point registers'
[    0.000000] x86/fpu: Supporting XSAVE feature 0x002: 'SSE registers'
[    0.000000] x86/fpu: Supporting XSAVE feature 0x004: 'AVX registers'
[    0.000000] x86/fpu: xstate_offset[2]:  576, xstate_sizes[2]:  256
[    0.000000] x86/fpu: Enabled xstate features 0x7, context size is 832 bytes, using 'standard' format.
[    0.000000] e820: BIOS-provided physical RAM map:
[    0.000000] BIOS-e820: [mem 0x0000000000000000-0x000000000009fbff] usable
[    0.000000] BIOS-e820: [mem 0x000000000009fc00-0x000000000009ffff] reserved
[    0.000000] BIOS-e820: [mem 0x00000000000f0000-0x00000000000fffff] reserved
[    0.000000] BIOS-e820: [mem 0x0000000000100000-0x000000003ffeffff] usable
[    0.000000] BIOS-e820: [mem 0x000000003fff0000-0x000000003fffffff] ACPI data
[    0.000000] BIOS-e820: [mem 0x00000000fec00000-0x00000000fec00fff] reserved
[    0.000000] BIOS-e820: [mem 0x00000000fee00000-0x00000000fee00fff] reserved
[    0.000000] BIOS-e820: [mem 0x00000000fffc0000-0x00000000ffffffff] reserved
[    0.000000] NX (Execute Disable) protection: active
[    0.000000] SMBIOS 2.5 present.
[    0.000000] DMI: innotek GmbH VirtualBox/VirtualBox, BIOS VirtualBox 12/01/2006
[    0.000000] Hypervisor detected: KVM
[    0.000000] e820: last_pfn = 0x3fff0 max_arch_pfn = 0x400000000
[    0.000000] MTRR: Disabled
[    0.000000] x86/PAT: MTRRs disabled, skipping PAT initialization too.
[    0.000000] CPU MTRRs all blank - virtualized system.
[    0.000000] x86/PAT: Configuration [0-7]: WB  WT  UC- UC  WB  WT  UC- UC  
[    0.000000] found SMP MP-table at [mem 0x0009fff0-0x0009ffff]
[    0.000000] Scanning 1 areas for low memory corruption
[    0.000000] RAMDISK: [mem 0x35a67000-0x36d2afff]
[    0.000000] ACPI: Early table checksum verification disabled
[    0.000000] ACPI: RSDP 0x00000000000E0000 000024 (v02 VBOX  )
[    0.000000] ACPI: XSDT 0x000000003FFF0030 00003C (v01 VBOX   VBOXXSDT 00000001 ASL  00000061)
[    0.000000] ACPI: FACP 0x000000003FFF00F0 0000F4 (v04 VBOX   VBOXFACP 00000001 ASL  00000061)
[    0.000000] ACPI: DSDT 0x000000003FFF0470 002325 (v02 VBOX   VBOXBIOS 00000002 INTL 20100528)
[    0.000000] ACPI: FACS 0x000000003FFF0200 000040
[    0.000000] ACPI: FACS 0x000000003FFF0200 000040
[    0.000000] ACPI: APIC 0x000000003FFF0240 00005C (v02 VBOX   VBOXAPIC 00000001 ASL  00000061)
[    0.000000] ACPI: SSDT 0x000000003FFF02A0 0001CC (v01 VBOX   VBOXCPUT 00000002 INTL 20100528)
[    0.000000] No NUMA configuration found
[    0.000000] Faking a node at [mem 0x0000000000000000-0x000000003ffeffff]
[    0.000000] NODE_DATA(0) allocated [mem 0x3ffc5000-0x3ffeffff]
[    0.000000] kvm-clock: cpu 0, msr 0:3ff44001, primary cpu clock
[    0.000000] kvm-clock: Using msrs 4b564d01 and 4b564d00
[    0.000000] kvm-clock: using sched offset of 3822385548 cycles
[    0.000000] clocksource: kvm-clock: mask: 0xffffffffffffffff max_cycles: 0x1cd42e4dffb, max_idle_ns: 881590591483 ns
[    0.000000] Zone ranges:
[    0.000000]   DMA      [mem 0x0000000000001000-0x0000000000ffffff]
[    0.000000]   DMA32    [mem 0x0000000001000000-0x000000003ffeffff]
[    0.000000]   Normal   empty
[    0.000000]   Device   empty
[    0.000000] Movable zone start for each node
[    0.000000] Early memory node ranges
[    0.000000]   node   0: [mem 0x0000000000001000-0x000000000009efff]
[    0.000000]   node   0: [mem 0x0000000000100000-0x000000003ffeffff]
[    0.000000] Reserved but unavailable: 98 pages
[    0.000000] Initmem setup node 0 [mem 0x0000000000001000-0x000000003ffeffff]
[    0.000000] ACPI: PM-Timer IO Port: 0x4008
[    0.000000] IOAPIC[0]: apic_id 2, version 32, address 0xfec00000, GSI 0-23
[    0.000000] ACPI: INT_SRC_OVR (bus 0 bus_irq 0 global_irq 2 dfl dfl)
[    0.000000] ACPI: INT_SRC_OVR (bus 0 bus_irq 9 global_irq 9 low level)
[    0.000000] Using ACPI (MADT) for SMP configuration information
[    0.000000] smpboot: Allowing 2 CPUs, 0 hotplug CPUs
[    0.000000] PM: Registered nosave memory: [mem 0x00000000-0x00000fff]
[    0.000000] PM: Registered nosave memory: [mem 0x0009f000-0x0009ffff]
[    0.000000] PM: Registered nosave memory: [mem 0x000a0000-0x000effff]
[    0.000000] PM: Registered nosave memory: [mem 0x000f0000-0x000fffff]
[    0.000000] e820: [mem 0x40000000-0xfebfffff] available for PCI devices
[    0.000000] Booting paravirtualized kernel on KVM
[    0.000000] clocksource: refined-jiffies: mask: 0xffffffff max_cycles: 0xffffffff, max_idle_ns: 7645519600211568 ns
[    0.000000] random: get_random_bytes called from start_kernel+0x99/0x500 with crng_init=0
[    0.000000] setup_percpu: NR_CPUS:8192 nr_cpumask_bits:2 nr_cpu_ids:2 nr_node_ids:1
[    0.000000] percpu: Embedded 45 pages/cpu s147456 r8192 d28672 u1048576
[    0.000000] PV qspinlock hash table entries: 256 (order: 0, 4096 bytes)
[    0.000000] Built 1 zonelists, mobility grouping on.  Total pages: 257913
[    0.000000] Policy zone: DMA32
[    0.000000] Kernel command line: BOOT_IMAGE=/boot/vmlinuz-4.15.0-124-generic root=LABEL=cloudimg-rootfs ro console=tty1 console=ttyS0
[    0.000000] Memory: 983032K/1048120K available (12300K kernel code, 2482K rwdata, 4272K rodata, 2436K init, 2724K bss, 65088K reserved, 0K cma-reserved)
[    0.000000] SLUB: HWalign=64, Order=0-3, MinObjects=0, CPUs=2, Nodes=1
[    0.000000] Kernel/User page tables isolation: enabled
[    0.000000] ftrace: allocating 39402 entries in 154 pages
[    0.004000] Hierarchical RCU implementation.
[    0.004000] 	RCU restricting CPUs from NR_CPUS=8192 to nr_cpu_ids=2.
[    0.004000] 	Tasks RCU enabled.
[    0.004000] RCU: Adjusting geometry for rcu_fanout_leaf=16, nr_cpu_ids=2
[    0.004000] NR_IRQS: 524544, nr_irqs: 440, preallocated irqs: 16
[    0.004000] Console: colour VGA+ 80x25
[    0.004000] console [tty1] enabled
[    0.004000] console [ttyS0] enabled
[    0.004000] ACPI: Core revision 20170831
[    0.004000] ACPI: 2 ACPI AML tables successfully acquired and loaded
[    0.004000] APIC: Switch to symmetric I/O mode setup
[    0.004000] x2apic enabled
[    0.004000] Switched APIC routing to physical x2apic.
[    0.004000] ..TIMER: vector=0x30 apic1=0 pin1=2 apic2=-1 pin2=-1
[    0.004006] tsc: Detected 1800.001 MHz processor
[    0.005052] Calibrating delay loop (skipped) preset value.. 3600.00 BogoMIPS (lpj=7200004)
[    0.008006] pid_max: default: 32768 minimum: 301
[    0.009077] Security Framework initialized
[    0.010014] Yama: becoming mindful.
[    0.012085] AppArmor: AppArmor initialized
[    0.016000] Dentry cache hash table entries: 131072 (order: 8, 1048576 bytes)
[    0.016072] Inode-cache hash table entries: 65536 (order: 7, 524288 bytes)
[    0.017479] Mount-cache hash table entries: 2048 (order: 2, 16384 bytes)
[    0.020010] Mountpoint-cache hash table entries: 2048 (order: 2, 16384 bytes)
[    0.021726] Last level iTLB entries: 4KB 64, 2MB 8, 4MB 8
[    0.022937] Last level dTLB entries: 4KB 64, 2MB 0, 4MB 0, 1GB 4
[    0.024008] Spectre V1 : Mitigation: usercopy/swapgs barriers and __user pointer sanitization
[    0.026328] Spectre V2 : Mitigation: Full generic retpoline
[    0.028007] Spectre V2 : Spectre v2 / SpectreRSB mitigation: Filling RSB on context switch
[    0.029736] Speculative Store Bypass: Vulnerable
[    0.032054] SRBDS: Unknown: Dependent on hypervisor status
[    0.033233] MDS: Mitigation: Clear CPU buffers
[    0.034379] Freeing SMP alternatives memory: 36K
[    0.146765] smpboot: CPU0: Intel(R) Core(TM) i5-8250U CPU @ 1.60GHz (family: 0x6, model: 0x8e, stepping: 0xa)
[    0.148000] Performance Events: unsupported p6 CPU model 142 no PMU driver, software events only.
[    0.148033] Hierarchical SRCU implementation.
[    0.149448] NMI watchdog: Perf event create on CPU 0 failed with -2
[    0.150659] NMI watchdog: Perf NMI watchdog permanently disabled
[    0.152000] smp: Bringing up secondary CPUs ...
[    0.152078] x86: Booting SMP configuration:
[    0.152953] .... node  #0, CPUs:      #1
[    0.004000] kvm-clock: cpu 1, msr 0:3ff44041, secondary cpu clock
[    0.156022] smp: Brought up 1 node, 2 CPUs
[    0.157104] smpboot: Max logical packages: 1
[    0.160009] smpboot: Total of 2 processors activated (7200.00 BogoMIPS)
[    0.161450] devtmpfs: initialized
[    0.161450] x86/mm: Memory block size: 128MB
[    0.164155] evm: security.selinux
[    0.164946] evm: security.SMACK64
[    0.165692] evm: security.SMACK64EXEC
[    0.166596] evm: security.SMACK64TRANSMUTE
[    0.167457] evm: security.SMACK64MMAP
[    0.168005] evm: security.apparmor
[    0.168767] evm: security.ima
[    0.169440] evm: security.capability
[    0.170286] clocksource: jiffies: mask: 0xffffffff max_cycles: 0xffffffff, max_idle_ns: 7645041785100000 ns
[    0.172013] futex hash table entries: 512 (order: 3, 32768 bytes)
[    0.173705] pinctrl core: initialized pinctrl subsystem
[    0.176027] RTC time: 11:29:48, date: 12/01/20
[    0.177138] NET: Registered protocol family 16
[    0.178152] audit: initializing netlink subsys (disabled)
[    0.179294] audit: type=2000 audit(1606822193.235:1): state=initialized audit_enabled=0 res=1
[    0.180012] cpuidle: using governor ladder
[    0.180893] cpuidle: using governor menu
[    0.181855] ACPI: bus type PCI registered
[    0.182834] acpiphp: ACPI Hot Plug PCI Controller Driver version: 0.5
[    0.184106] PCI: Using configuration type 1 for base access
[    0.188052] HugeTLB registered 2.00 MiB page size, pre-allocated 0 pages
[    0.189458] ACPI: Added _OSI(Module Device)
[    0.189458] ACPI: Added _OSI(Processor Device)
[    0.192008] ACPI: Added _OSI(3.0 _SCP Extensions)
[    0.192976] ACPI: Added _OSI(Processor Aggregator Device)
[    0.194268] ACPI: Added _OSI(Linux-Dell-Video)
[    0.196013] ACPI: Added _OSI(Linux-Lenovo-NV-HDMI-Audio)
[    0.197107] ACPI: Added _OSI(Linux-HPI-Hybrid-Graphics)
[    0.198701] ACPI: Executed 1 blocks of module-level executable AML code
[    0.204787] ACPI: Interpreter enabled
[    0.206049] ACPI: (supports S0 S5)
[    0.206985] ACPI: Using IOAPIC for interrupt routing
[    0.208000] PCI: Using host bridge windows from ACPI; if necessary, use "pci=nocrs" and report a bug
[    0.208299] ACPI: Enabled 2 GPEs in block 00 to 07
[    0.218691] ACPI: PCI Root Bridge [PCI0] (domain 0000 [bus 00-ff])
[    0.220007] acpi PNP0A03:00: _OSC: OS supports [ASPM ClockPM Segments MSI]
[    0.221934] acpi PNP0A03:00: _OSC: not requesting OS control; OS requires [ExtendedConfig ASPM ClockPM MSI]
[    0.224026] acpi PNP0A03:00: fail to add MMCONFIG information, can't access extended PCI configuration space under this bridge.
[    0.228253] PCI host bridge to bus 0000:00
[    0.229142] pci_bus 0000:00: root bus resource [io  0x0000-0x0cf7 window]
[    0.230510] pci_bus 0000:00: root bus resource [io  0x0d00-0xffff window]
[    0.232000] pci_bus 0000:00: root bus resource [mem 0x000a0000-0x000bffff window]
[    0.232007] pci_bus 0000:00: root bus resource [mem 0x40000000-0xfdffffff window]
[    0.233574] pci_bus 0000:00: root bus resource [bus 00-ff]
[    0.238166] pci 0000:00:01.1: legacy IDE quirk: reg 0x10: [io  0x01f0-0x01f7]
[    0.239704] pci 0000:00:01.1: legacy IDE quirk: reg 0x14: [io  0x03f6]
[    0.240006] pci 0000:00:01.1: legacy IDE quirk: reg 0x18: [io  0x0170-0x0177]
[    0.242590] pci 0000:00:01.1: legacy IDE quirk: reg 0x1c: [io  0x0376]
[    0.261812] pci 0000:00:07.0: quirk: [io  0x4000-0x403f] claimed by PIIX4 ACPI
[    0.263621] pci 0000:00:07.0: quirk: [io  0x4100-0x410f] claimed by PIIX4 SMB
[    0.276183] ACPI: PCI Interrupt Link [LNKA] (IRQs 5 9 10 *11)
[    0.278244] ACPI: PCI Interrupt Link [LNKB] (IRQs 5 9 *10 11)
[    0.279532] ACPI: PCI Interrupt Link [LNKC] (IRQs 5 *9 10 11)
[    0.280136] ACPI: PCI Interrupt Link [LNKD] (IRQs 5 9 10 *11)
[    0.281709] SCSI subsystem initialized
[    0.282581] pci 0000:00:02.0: vgaarb: setting as boot VGA device
[    0.282581] pci 0000:00:02.0: vgaarb: VGA device added: decodes=io+mem,owns=io+mem,locks=none
[    0.284010] pci 0000:00:02.0: vgaarb: bridge control possible
[    0.288004] vgaarb: loaded
[    0.288716] ACPI: bus type USB registered
[    0.289619] usbcore: registered new interface driver usbfs
[    0.291033] usbcore: registered new interface driver hub
[    0.292035] usbcore: registered new device driver usb
[    0.293365] EDAC MC: Ver: 3.0.0
[    0.293365] PCI: Using ACPI for IRQ routing
[    0.296311] NetLabel: Initializing
[    0.297082] NetLabel:  domain hash size = 128
[    0.298029] NetLabel:  protocols = UNLABELED CIPSOv4 CALIPSO
[    0.299311] NetLabel:  unlabeled traffic allowed by default
[    0.300084] clocksource: Switched to clocksource kvm-clock
[    0.319523] VFS: Disk quotas dquot_6.6.0
[    0.320517] VFS: Dquot-cache hash table entries: 512 (order 0, 4096 bytes)
[    0.322030] AppArmor: AppArmor Filesystem Enabled
[    0.323662] pnp: PnP ACPI init
[    0.325710] pnp: PnP ACPI: found 3 devices
[    0.338180] clocksource: acpi_pm: mask: 0xffffff max_cycles: 0xffffff, max_idle_ns: 2085701024 ns
[    0.340335] NET: Registered protocol family 2
[    0.341687] TCP established hash table entries: 8192 (order: 4, 65536 bytes)
[    0.343204] TCP bind hash table entries: 8192 (order: 5, 131072 bytes)
[    0.347779] TCP: Hash tables configured (established 8192 bind 8192)
[    0.349399] UDP hash table entries: 512 (order: 2, 16384 bytes)
[    0.351008] UDP-Lite hash table entries: 512 (order: 2, 16384 bytes)
[    0.352545] NET: Registered protocol family 1
[    0.353478] pci 0000:00:00.0: Limiting direct PCI/PCI transfers
[    0.354773] pci 0000:00:01.0: Activating ISA DMA hang workarounds
[    0.356201] pci 0000:00:02.0: Video device with shadowed ROM at [mem 0x000c0000-0x000dffff]
[    0.358447] Unpacking initramfs...
[    0.678601] Freeing initrd memory: 19216K
[    0.679811] clocksource: tsc: mask: 0xffffffffffffffff max_cycles: 0x19f22aa45f0, max_idle_ns: 440795269146 ns
[    0.682008] platform rtc_cmos: registered platform RTC device (no PNP device found)
[    0.683754] Scanning for low memory corruption every 60 seconds
[    0.685896] Initialise system trusted keyrings
[    0.686934] Key type blacklist registered
[    0.688009] workingset: timestamp_bits=36 max_order=18 bucket_order=0
[    0.690617] zbud: loaded
[    0.692131] squashfs: version 4.0 (2009/01/31) Phillip Lougher
[    0.693805] fuse init (API version 7.26)
[    0.699391] Key type asymmetric registered
[    0.700277] Asymmetric key parser 'x509' registered
[    0.701323] Block layer SCSI generic (bsg) driver version 0.4 loaded (major 246)
[    0.702916] io scheduler noop registered
[    0.703819] io scheduler deadline registered
[    0.704773] io scheduler cfq registered (default)
[    0.706027] ACPI: AC Adapter [AC] (on-line)
[    0.707528] input: Power Button as /devices/LNXSYSTM:00/LNXPWRBN:00/input/input0
[    0.709417] ACPI: Power Button [PWRF]
[    0.710356] input: Sleep Button as /devices/LNXSYSTM:00/LNXSLPBN:00/input/input1
[    0.711939] ACPI: Sleep Button [SLPF]
[    0.714164] ACPI: Battery Slot [BAT0] (battery present)
[    0.715739] Serial: 8250/16550 driver, 32 ports, IRQ sharing enabled
[    0.738050] 00:02: ttyS0 at I/O 0x3f8 (irq = 4, base_baud = 115200) is a 16550A
[    0.745897] Linux agpgart interface v0.103
[    0.749228] loop: module loaded
[    0.750600] scsi host0: ata_piix
[    0.751672] scsi host1: ata_piix
[    0.752546] ata1: PATA max UDMA/33 cmd 0x1f0 ctl 0x3f6 bmdma 0xd000 irq 14
[    0.754019] ata2: PATA max UDMA/33 cmd 0x170 ctl 0x376 bmdma 0xd008 irq 15
[    0.755786] libphy: Fixed MDIO Bus: probed
[    0.757067] tun: Universal TUN/TAP device driver, 1.6
[    0.759027] PPP generic driver version 2.4.2
[    0.760374] ehci_hcd: USB 2.0 'Enhanced' Host Controller (EHCI) Driver
[    0.761736] ehci-pci: EHCI PCI platform driver
[    0.762979] ehci-platform: EHCI generic platform driver
[    0.764171] ohci_hcd: USB 1.1 'Open' Host Controller (OHCI) Driver
[    0.765579] ohci-pci: OHCI PCI platform driver
[    0.766618] ohci-platform: OHCI generic platform driver
[    0.767740] uhci_hcd: USB Universal Host Controller Interface driver
[    0.769193] i8042: PNP: PS/2 Controller [PNP0303:PS2K,PNP0f03:PS2M] at 0x60,0x64 irq 1,12
[    0.771634] serio: i8042 KBD port at 0x60,0x64 irq 1
[    0.773177] serio: i8042 AUX port at 0x60,0x64 irq 12
[    0.775057] mousedev: PS/2 mouse device common for all mice
[    0.777350] rtc_cmos rtc_cmos: rtc core: registered rtc_cmos as rtc0
[    0.779015] rtc_cmos rtc_cmos: alarms up to one day, 114 bytes nvram
[    0.780430] input: AT Translated Set 2 keyboard as /devices/platform/i8042/serio0/input/input2
[    0.782391] i2c /dev entries driver
[    0.783427] device-mapper: uevent: version 1.0.3
[    0.784746] device-mapper: ioctl: 4.37.0-ioctl (2017-09-20) initialised: dm-devel@redhat.com
[    0.786908] ledtrig-cpu: registered to indicate activity on CPUs
[    0.789086] NET: Registered protocol family 10
[    0.798853] Segment Routing with IPv6
[    0.799770] NET: Registered protocol family 17
[    0.800957] Key type dns_resolver registered
[    0.802198] mce: Using 0 MCE banks
[    0.802991] RAS: Correctable Errors collector initialized.
[    0.804211] sched_clock: Marking stable (804178436, 0)->(997992152, -193813716)
[    0.806499] registered taskstats version 1
[    0.808161] Loading compiled-in X.509 certificates
[    0.812635] Loaded X.509 cert 'Build time autogenerated kernel key: be62403dcace2d46f96dafa9f42421c610ef3c2a'
[    0.814942] zswap: loaded using pool lzo/zbud
[    0.820408] Key type big_key registered
[    0.821343] Key type trusted registered
[    0.825381] Key type encrypted registered
[    0.826636] AppArmor: AppArmor sha1 policy hashing enabled
[    0.827917] ima: No TPM chip found, activating TPM-bypass! (rc=-19)
[    0.829396] ima: Allocated hash algorithm: sha1
[    0.830498] evm: HMAC attrs: 0x1
[    0.831604]   Magic number: 0:204:478
[    0.832760] rtc rtc0: hash matches
[    0.833787] rtc_cmos rtc_cmos: setting system clock to 2020-12-01 11:29:48 UTC (1606822188)
[    0.835970] BIOS EDD facility v0.16 2004-Jun-25, 0 devices found
[    0.837429] EDD information not available.
[    0.938365] Freeing unused kernel image memory: 2436K
[    0.976502] Write protecting the kernel read-only data: 20480k
[    0.978452] Freeing unused kernel image memory: 2008K
[    0.980041] Freeing unused kernel image memory: 1872K
[    0.989483] x86/mm: Checked W+X mappings: passed, no W+X pages found.
[    0.991111] x86/mm: Checking user space page tables
[    1.000982] x86/mm: Checked W+X mappings: passed, no W+X pages found.
Loading, please wait...
starting version 237
[    1.084488] e1000: Intel(R) PRO/1000 Network Driver - version 7.3.21-k8-NAPI
[    1.086133] e1000: Copyright (c) 1999-2006 Intel Corporation.
[    1.107774] Fusion MPT base driver 3.04.20
[    1.109277] Copyright (c) 1999-2008 LSI Corporation
[    1.114851] AVX2 version of gcm_enc/dec engaged.
[    1.116268] AES CTR mode by8 optimization enabled
[    1.149173] Fusion MPT SPI Host driver 3.04.20
[    1.300769] input: ImExPS/2 Generic Explorer Mouse as /devices/platform/i8042/serio1/input/input4
[    1.690369] e1000 0000:00:03.0 eth0: (PCI:33MHz:32-bit) 02:45:4d:8a:ec:99
[    1.692224] e1000 0000:00:03.0 eth0: Intel(R) PRO/1000 Network Connection
[    1.694983] mptbase: ioc0: Initiating bringup
[    2.105813] ioc0: LSI53C1030 A0: Capabilities={Initiator}
[    4.987154] scsi host2: ioc0: LSI53C1030 A0, FwRev=00000000h, Ports=1, MaxQ=256, IRQ=20
[    6.888209] scsi 2:0:0:0: Direct-Access     VBOX     HARDDISK         1.0  PQ: 0 ANSI: 5
[    6.920924] scsi target2:0:0: Beginning Domain Validation
[    6.923915] scsi target2:0:0: Domain Validation skipping write tests
[    6.925664] scsi target2:0:0: Ending Domain Validation
[    6.927362] scsi target2:0:0: asynchronous
[    6.929236] scsi 2:0:1:0: Direct-Access     VBOX     HARDDISK         1.0  PQ: 0 ANSI: 5
[    7.264159] scsi target2:0:1: Beginning Domain Validation
[    7.266809] random: fast init done
[    7.268105] scsi target2:0:1: Domain Validation skipping write tests
[    7.269563] scsi target2:0:1: Ending Domain Validation
[    7.270868] scsi target2:0:1: asynchronous
[    7.278053] sd 2:0:0:0: Attached scsi generic sg0 type 0
[    7.278119] random: systemd-udevd: uninitialized urandom read (16 bytes read)
[    7.281765] random: systemd-udevd: uninitialized urandom read (16 bytes read)
[    7.283646] sd 2:0:1:0: Attached scsi generic sg1 type 0
[    7.283650] random: systemd-udevd: uninitialized urandom read (16 bytes read)
[    7.287551] sd 2:0:0:0: [sda] 20971520 512-byte logical blocks: (10.7 GB/10.0 GiB)
[    7.287967] sd 2:0:1:0: [sdb] 20480 512-byte logical blocks: (10.5 MB/10.0 MiB)
[    7.294647] sd 2:0:0:0: [sda] Write Protect is off
[    7.294724] sd 2:0:1:0: [sdb] Write Protect is off
[    7.298111] sd 2:0:0:0: [sda] Incomplete mode parameter data
[    7.298184] sd 2:0:1:0: [sdb] Incomplete mode parameter data
[    7.299646] sd 2:0:0:0: [sda] Assuming drive cache: write through
[    7.300893] sd 2:0:1:0: [sdb] Assuming drive cache: write through
[    7.307729]  sda: sda1
[    7.309361] sd 2:0:1:0: [sdb] Attached SCSI disk
[    7.310972] sd 2:0:0:0: [sda] Attached SCSI disk
[    7.331575] e1000 0000:00:08.0 eth1: (PCI:33MHz:32-bit) 08:00:27:09:4b:8c
[    7.333180] e1000 0000:00:08.0 eth1: Intel(R) PRO/1000 Network Connection
[    7.336880] e1000 0000:00:08.0 enp0s8: renamed from eth1
[    7.344803] e1000 0000:00:03.0 enp0s3: renamed from eth0
Begin: Loading essential drivers ... [    8.928701] raid6: sse2x1   gen() 11226 MB/s
[    8.976543] raid6: sse2x1   xor()  7853 MB/s
[    9.024404] raid6: sse2x2   gen() 14058 MB/s
[    9.072181] raid6: sse2x2   xor()  9461 MB/s
[    9.120043] raid6: sse2x4   gen() 16185 MB/s
[    9.168776] raid6: sse2x4   xor() 10399 MB/s
[    9.216636] raid6: avx2x1   gen() 22690 MB/s
[    9.264496] raid6: avx2x1   xor() 16015 MB/s
[    9.312784] raid6: avx2x2   gen() 26677 MB/s
[    9.360625] raid6: avx2x2   xor() 15790 MB/s
[    9.408414] raid6: avx2x4   gen() 31269 MB/s
[    9.456232] raid6: avx2x4   xor() 18894 MB/s
[    9.457272] raid6: using algorithm avx2x4 gen() 31269 MB/s
[    9.458602] raid6: .... xor() 18894 MB/s, rmw enabled
[    9.459732] raid6: using avx2x2 recovery algorithm
[    9.462107] xor: automatically using best checksumming function   avx       
[    9.464886] async_tx: api initialized (async)
done.
Begin: Running /scripts/init-premount ... done.
Begin: Mounting root file system ... Begin: Running /scripts/local-top ... done.
Begin: Running /scripts/local-premount ... [    9.512191] Btrfs loaded, crc32c=crc32c-intel
Scanning for Btrfs filesystems
done.
Warning: fsck not present, so skipping root file system
[    9.546493] EXT4-fs (sda1): mounted filesystem with ordered data mode. Opts: (null)
done.
Begin: Running /scripts/local-bottom ... done.
Begin: Running /scripts/init-bottom ... done.
[    9.724806] ip_tables: (C) 2000-2006 Netfilter Core Team
[    9.737003] systemd[1]: systemd 237 running in system mode. (+PAM +AUDIT +SELINUX +IMA +APPARMOR +SMACK +SYSVINIT +UTMP +LIBCRYPTSETUP +GCRYPT +GNUTLS +ACL +XZ +LZ4 +SECCOMP +BLKID +ELFUTILS +KMOD -IDN2 +IDN -PCRE2 default-hierarchy=hybrid)
[    9.740936] systemd[1]: Detected virtualization oracle.
[    9.742075] systemd[1]: Detected architecture x86-64.

Welcome to [1mUbuntu 18.04.5 LTS[0m!

[    9.761099] systemd[1]: Set hostname to <ubuntu-bionic>.
[   10.067817] systemd[1]: Set up automount Arbitrary Executable File Formats File System Automount Point.
[[0;32m  OK  [0m] Set up automount Arbitrary Executabâ€¦rmats File System Automount Point.
[   10.082321] systemd[1]: Created slice User and Session Slice.
[[0;32m  OK  [0m] Created slice User and Session Slice.
[   10.084961] systemd[1]: Reached target Swap.
[[0;32m  OK  [0m] Reached target Swap.
[   10.096193] systemd[1]: Reached target System Time Synchronized.
[[0;32m  OK  [0m] Reached target System Time Synchronized.
[   10.097974] systemd[1]: Reached target User and Group Name Lookups.
[[0;32m  OK  [0m] Reached target User and Group Name Lookups.
[   10.108188] systemd[1]: Started Forward Password Requests to Wall Directory Watch.
[[0;32m  OK  [0m] Started Forward Password Requests to Wall Directory Watch.
[[0;32m  OK  [0m] Created slice System Slice.
[[0;32m  OK  [0m] Listening on Network Service Netlink Socket.
[[0;32m  OK  [0m] Listening on Device-mapper event daemon FIFOs.
[[0;32m  OK  [0m] Created slice system-serial\x2dgetty.slice.
[[0;32m  OK  [0m] Listening on /dev/initctl Compatibility Named Pipe.
[[0;32m  OK  [0m] Listening on LVM2 poll daemon socket.
[[0;32m  OK  [0m] Listening on Journal Audit Socket.
[[0;32m  OK  [0m] Listening on Journal Socket.
         Starting Load Kernel Modules...
         Starting Uncomplicated firewall...
         Starting Set the console keyboard layout...
         Starting Create list of required stâ€¦ce nodes for the current kernel...
[   10.230698] Loading iSCSI transport class v2.0-870.
         Starting Remount Root and Kernel File Systems...
[[0;32m  OK  [0m] Listening on Syslog Socket.
[   10.240916] iscsi: registered transport (tcp)
[[0;32m  OK  [0m] Reached target Slices.
[   10.260009] iscsi: registered transport (iser)
         Mounting Kernel Debug File System...
[[0;32m  OK  [0m] Listening on udev Control Socket.
         Mounting Huge Pages File System...
[[0;32m  OK  [0m] Listening on LVM2 metadata daemon socket.
         Starting Monitoring of LVM2 mirrorsâ€¦ng dmeventd or progress polling...
[[0;32m  OK  [0m] Listening on Journal Socket (/dev/log).
         Starting Journal Service...
         Mounting POSIX Message Queue File System...
[[0;32m  OK  [0m] Listening on udev Kernel Socket.
         Starting udev Coldplug all Devices...
[   10.343901] EXT4-fs (sda1): re-mounted. Opts: (null)
[[0;32m  OK  [0m] Started Load Kernel Modules.
[[0;32m  OK  [0m] Started Uncomplicated firewall.
[[0;32m  OK  [0m] Started Create list of required staâ€¦vice nodes for the current kernel.
[[0;32m  OK  [0m] Started Remount Root and Kernel File Systems.
[[0;32m  OK  [0m] Mounted Kernel Debug File System.
[[0;32m  OK  [0m] Mounted Huge Pages File System.
[[0;32m  OK  [0m] Mounted POSIX Message Queue File System.
[[0;32m  OK  [0m] Started LVM2 metadata daemon.
         Starting Load/Save Random Seed...
         Starting Create Static Device Nodes in /dev...
         Mounting FUSE Control File System...
         Starting Apply Kernel Variables...
         Mounting Kernel Configuration File System...
[[0;32m  OK  [0m] Started Journal Service.
[[0;32m  OK  [0m] Mounted Kernel Configuration File System.
         Starting Flush Journal to Persistent Storage...
[[0;32m  OK  [0m] Started Load/Save Random Seed.
[[0;32m  OK  [0m] Mounted FUSE Control File System.
[[0;32m  OK  [0m] Started Create Static Device Nodes in /dev.
         Starting udev Kernel Device Manager...
[[0;32m  OK  [0m] Started Apply Kernel Variables.
[[0;32m  OK  [0m] Started udev Coldplug all Devices.
[[0;32m  OK  [0m] Started udev Kernel Device Manager.
[[0;32m  OK  [0m] Started Monitoring of LVM2 mirrors,â€¦sing dmeventd or progress polling.
[[0;32m  OK  [0m] Started Set the console keyboard layout.
[[0;32m  OK  [0m] Started Dispatch Password Requests to Console Directory Watch.
[[0;32m  OK  [0m] Reached target Local Encrypted Volumes.
[[0;32m  OK  [0m] Reached target Local File Systems (Pre).
[[0;32m  OK  [0m] Reached target Local File Systems.
         Starting Tell Plymouth To Write Out Runtime Data...
         Starting ebtables ruleset management...
         Starting AppArmor initialization...
         Starting Set console font and keymap...
[[0;32m  OK  [0m] Started Flush Journal to Persistent Storage.
[[0;32m  OK  [0m] Started Tell Plymouth To Write Out Runtime Data.
         Starting Create Volatile Files and Directories...
[[0;32m  OK  [0m] Started Set console font and keymap.
[[0;32m  OK  [0m] Started Create Volatile Files and Directories.
         Starting Update UTMP about System Boot/Shutdown...
[[0;32m  OK  [0m] Started Update UTMP about System Boot/Shutdown.
[[0;32m  OK  [0m] Started ebtables ruleset management.
[[0;32m  OK  [0m] Found device /dev/ttyS0.
[[0;32m  OK  [0m] Started AppArmor initialization.
         Starting Load AppArmor profiles managed internally by snapd...
         Starting Initial cloud-init job (pre-networking)...
[[0;32m  OK  [0m] Started Load AppArmor profiles managed internally by snapd.
[[0;32m  OK  [0m] Listening on Load/Save RF Kill Switch Status /dev/rfkill Watch.
[   12.878274] cloud-init[545]: Cloud-init v. 20.3-2-g371b392c-0ubuntu1~18.04.1 running 'init-local' at Tue, 01 Dec 2020 11:30:00 +0000. Up 12.48 seconds.
[[0;32m  OK  [0m] Started Initial cloud-init job (pre-networking).
[[0;32m  OK  [0m] Reached target Network (Pre).
         Starting Network Service...
[[0;32m  OK  [0m] Started Network Service.
         Starting Network Name Resolution...
         Starting Wait for Network to be Configured...
[[0;32m  OK  [0m] Started Network Name Resolution.
[[0;32m  OK  [0m] Reached target Host and Network Name Lookups.
[[0;32m  OK  [0m] Reached target Network.
[[0;32m  OK  [0m] Started Wait for Network to be Configured.
         Starting Initial cloud-init job (metadata service crawler)...
[   15.612170] cloud-init[669]: Cloud-init v. 20.3-2-g371b392c-0ubuntu1~18.04.1 running 'init' at Tue, 01 Dec 2020 11:30:03 +0000. Up 15.35 seconds.
[   15.624399] cloud-init[669]: ci-info: ++++++++++++++++++++++++++++++++++++++Net device info+++++++++++++++++++++++++++++++++++++++
[   15.625568] cloud-init[669]: ci-info: +--------+------+-----------------------------+---------------+--------+-------------------+
[   15.626462] cloud-init[669]: ci-info: | Device |  Up  |           Address           |      Mask     | Scope  |     Hw-Address    |
[   15.627754] cloud-init[669]: ci-info: +--------+------+-----------------------------+---------------+--------+-------------------+
[   15.629330] cloud-init[669]: ci-info: | enp0s3 | True |          10.0.2.15          | 255.255.255.0 | global | 02:45:4d:8a:ec:99 |
[   15.630844] cloud-init[669]: ci-info: | enp0s3 | True |  fe80::45:4dff:fe8a:ec99/64 |       .       |  link  | 02:45:4d:8a:ec:99 |
[   15.632417] cloud-init[669]: ci-info: | enp0s8 | True |        192.168.10.100       | 255.255.255.0 | global | 08:00:27:09:4b:8c |
[   15.644547] cloud-init[669]: ci-info: | enp0s8 | True | fe80::a00:27ff:fe09:4b8c/64 |       .       |  link  | 08:00:27:09:4b:8c |
[   15.656727] cloud-init[669]: ci-info: |   lo   | True |          127.0.0.1          |   255.0.0.0   |  host  |         .         |
[   15.668392] cloud-init[669]: ci-info: |   lo   | True |           ::1/128           |       .       |  host  |         .         |
[   15.669677] cloud-init[669]: ci-info: +--------+------+-----------------------------+---------------+--------+-------------------+
[   15.670497] cloud-init[669]: ci-info: +++++++++++++++++++++++++++++Route IPv4 info+++++++++++++++++++++++++++++
[   15.672161] cloud-init[669]: ci-info: +-------+--------------+----------+-----------------+-----------+-------+
[   15.684981] cloud-init[669]: ci-info: | Route | Destination  | Gateway  |     Genmask     | Interface | Flags |
[   15.685871] cloud-init[669]: ci-info: +-------+--------------+----------+-----------------+-----------+-------+
[   15.686984] cloud-init[669]: ci-info: |   0   |   0.0.0.0    | 10.0.2.2 |     0.0.0.0     |   enp0s3  |   UG  |
[   15.688149] cloud-init[669]: ci-info: |   1   |   10.0.2.0   | 0.0.0.0  |  255.255.255.0  |   enp0s3  |   U   |
[   15.700218] cloud-init[669]: ci-info: |   2   |   10.0.2.2   | 0.0.0.0  | 255.255.255.255 |   enp0s3  |   UH  |
[   15.712659] cloud-init[669]: ci-info: |   3   | 192.168.10.0 | 0.0.0.0  |  255.255.255.0  |   enp0s8  |   U   |
[   15.725365] cloud-init[669]: ci-info: +-------+--------------+----------+-----------------+-----------+-------+
[   15.736314] cloud-init[669]: ci-info: +++++++++++++++++++Route IPv6 info+++++++++++++++++++
[   15.737137] cloud-init[669]: ci-info: +-------+-------------+---------+-----------+-------+
[   15.738187] cloud-init[669]: ci-info: | Route | Destination | Gateway | Interface | Flags |
[   15.739575] cloud-init[669]: ci-info: +-------+-------------+---------+-----------+-------+
[   15.752177] cloud-init[669]: ci-info: |   1   |  fe80::/64  |    ::   |   enp0s8  |   U   |
[   15.764197] cloud-init[669]: ci-info: |   2   |  fe80::/64  |    ::   |   enp0s3  |   U   |
[   15.765341] cloud-init[669]: ci-info: |   4   |    local    |    ::   |   enp0s3  |   U   |
[   15.766437] cloud-init[669]: ci-info: |   5   |    local    |    ::   |   enp0s8  |   U   |
[   15.778005] cloud-init[669]: ci-info: |   6   |   ff00::/8  |    ::   |   enp0s8  |   U   |
[   15.788661] cloud-init[669]: ci-info: |   7   |   ff00::/8  |    ::   |   enp0s3  |   U   |
[   15.800507] cloud-init[669]: ci-info: +-------+-------------+---------+-----------+-------+
[[0;32m  OK  [0m] Started Initial cloud-init job (metadata service crawler).
[[0;32m  OK  [0m] Reached target Cloud-config availability.
[[0;32m  OK  [0m] Reached target System Initialization.
[[0;32m  OK  [0m] Started ACPI Events Check.
[[0;32m  OK  [0m] Listening on Open-iSCSI iscsid Socket.
[[0;32m  OK  [0m] Started Message of the Day.
[[0;32m  OK  [0m] Reached target Paths.
[[0;32m  OK  [0m] Started Daily apt download activities.
[[0;32m  OK  [0m] Listening on D-Bus System Message Bus Socket.
         Starting Socket activation for snappy daemon.
[[0;32m  OK  [0m] Started Discard unused blocks once a week.
[[0;32m  OK  [0m] Listening on UUID daemon activation socket.
[[0;32m  OK  [0m] Started Daily Cleanup of Temporary Directories.
         Starting LXD - unix socket.
[[0;32m  OK  [0m] Listening on ACPID Listen Socket.
[[0;32m  OK  [0m] Started Daily apt upgrade and clean activities.
[[0;32m  OK  [0m] Reached target Timers.
[[0;32m  OK  [0m] Reached target Network is Online.
[[0;32m  OK  [0m] Reached target Remote File Systems (Pre).
[[0;32m  OK  [0m] Reached target Remote File Systems.
         Starting Availability of block devices...
[[0;32m  OK  [0m] Listening on Socket activation for snappy daemon.
[[0;32m  OK  [0m] Listening on LXD - unix socket.
[[0;32m  OK  [0m] Started Availability of block devices.
[[0;32m  OK  [0m] Reached target Sockets.
[[0;32m  OK  [0m] Reached target Basic System.
         Starting Virtualbox guest utils...
[[0;32m  OK  [0m] Started Regular background program processing daemon.
         Starting LSB: Record successful boot for GRUB...
[[0;32m  OK  [0m] Started Deferred execution scheduler.
         Starting A high performance web server and a reverse proxy server...
         Starting Accounts Service...
         Starting LSB: automatic crash report generation...
         Starting OpenBSD Secure Shell server...
         Starting Login Service...
         Starting Permit User Sessions...
         Starting Dispatcher daemon for systemd-networkd...
[[0;32m  OK  [0m] Started D-Bus System Message Bus.
[[0;32m  OK  [0m] Started Login Service.
[[0;32m  OK  [0m] Started Unattended Upgrades Shutdown.
[[0;32m  OK  [0m] Started FUSE filesystem for LXC.
         Starting Snap Daemon...
         Starting LXD - container startup/shutdown...
[[0;32m  OK  [0m] Started irqbalance daemon.
         Starting System Logging Service...
[[0;32m  OK  [0m] Started Permit User Sessions.
[[0;32m  OK  [0m] Started OpenBSD Secure Shell server.
[[0;32m  OK  [0m] Started System Logging Service.
[[0;32m  OK  [0m] Started A high performance web server and a reverse proxy server.
         Starting Authorization Manager...
         Starting Terminate Plymouth Boot Screen...
         Starting Hold until boot process finishes up...
[[0;32m  OK  [0m] Started Hold until boot process finishes up.
         Starting Set console scheme...
[[0;32m  OK  [0m] Started Serial Getty on ttyS0.
[[0;32m  OK  [0m] Started Terminate Plymouth Boot Screen.
[[0;32m  OK  [0m] Started LXD - container startup/shutdown.
[[0;32m  OK  [0m] Started Authorization Manager.
[[0;32m  OK  [0m] Started Accounts Service.
[[0;32m  OK  [0m] Started Set console scheme.
[[0;32m  OK  [0m] Created slice system-getty.slice.
[[0;32m  OK  [0m] Started Getty on tty1.
[[0;32m  OK  [0m] Reached target Login Prompts.
[[0;32m  OK  [0m] Started LSB: Record successful boot for GRUB.
[[0;32m  OK  [0m] Started LSB: automatic crash report generation.
[[0;32m  OK  [0m] Started Virtualbox guest utils.
[[0;32m  OK  [0m] Started Dispatcher daemon for systemd-networkd.
[[0;32m  OK  [0m] Started Snap Daemon.
         Starting Wait until snapd is fully seeded...
[[0;32m  OK  [0m] Started Wait until snapd is fully seeded.
[[0;32m  OK  [0m] Reached target Multi-User System.
[[0;32m  OK  [0m] Reached target Graphical Interface.
         Starting Update UTMP about System Runlevel Changes...
         Starting Apply the settings specified in cloud-config...
[[0;32m  OK  [0m] Started Update UTMP about System Runlevel Changes.
[   18.046565] cloud-init[1113]: Cloud-init v. 20.3-2-g371b392c-0ubuntu1~18.04.1 running 'modules:config' at Tue, 01 Dec 2020 11:30:05 +0000. Up 17.87 seconds.
[[0;32m  OK  [0m] Created slice User Slice of vagrant.
         Starting User Manager for UID 1000...
[[0;32m  OK  [0m] Started Apply the settings specified in cloud-config.
[[0;32m  OK  [0m] Started Session 1 of user vagrant.
         Starting Execute cloud user/final scripts...
[[0;32m  OK  [0m] Started User Manager for UID 1000.
[   19.192297] cloud-init[1182]: Cloud-init v. 20.3-2-g371b392c-0ubuntu1~18.04.1 running 'modules:final' at Tue, 01 Dec 2020 11:30:06 +0000. Up 18.97 seconds.
[   19.208428] cloud-init[1182]: Cloud-init v. 20.3-2-g371b392c-0ubuntu1~18.04.1 finished at Tue, 01 Dec 2020 11:30:06 +0000. Datasource DataSourceNoCloud [seed=/dev/sdb][dsmode=net].  Up 19.17 seconds
[[0;32m  OK  [0m] Started Execute cloud user/final scripts.
[[0;32m  OK  [0m] Reached target Cloud-init target.

Ubuntu 18.04.5 LTS ubuntu-bionic ttyS0

ubuntu-bionic login: 